   Γû▓ Next.js 15.2.9
   - Environments: .env.local

   Creating an optimized production build ...
 Γ£ô Compiled successfully
   Linting and checking validity of types ...
node.exe : 
At C:\nvm4w\nodejs\yarn.ps1:16 char:5
+     & "$basedir/node$exe"  
"$basedir/node_modules/yarn/bin/yarn.js" $ ...
+     ~~~~~~~~~~~~~~~~~~~~~~~~~~~~~~~~~~~~~~~~~~~~~~~~~
~~~~~~~~~~~~~~~~
    + CategoryInfo          : NotSpecified: (:String) 
[], RemoteException
    + FullyQualifiedErrorId : NativeCommandError
 
Failed to compile.

./app/layout.tsx
14:15  Warning: Insert `ΓÉìΓÅÄ┬╖┬╖┬╖`  
prettier/prettier
22:14  Warning: Replace `┬╖name="keywords"┬╖content="EN
S,┬╖Ethereum,┬╖Social┬╖Network,┬╖Decentralized,┬╖Web3,┬
╖Farcaster,┬╖Blockchain,┬╖DeFi,┬╖Sepolia"` with `ΓÉìΓÅÄ
┬╖┬╖┬╖┬╖┬╖┬╖┬╖┬╖┬╖┬╖name="keywords"ΓÉìΓÅÄ┬╖┬╖┬╖┬╖┬╖┬╖┬╖
┬╖┬╖┬╖content="ENS,┬╖Ethereum,┬╖Social┬╖Network,┬╖Decen
tralized,┬╖Web3,┬╖Farcaster,┬╖Blockchain,┬╖DeFi,┬╖Sepol
ia"ΓÉìΓÅÄ┬╖┬╖┬╖┬╖┬╖┬╖┬╖`  prettier/prettier

./app/profile/page.tsx
8:10  Warning: Insert `useTransactor┬╖}┬╖from┬╖"~~/hook
s/scaffold-eth/useTransactor";ΓÅÄimport┬╖{┬╖`  
prettier/prettier
10:1  Warning: Delete `import┬╖{┬╖useTransactor┬╖}┬╖fro
m┬╖"~~/hooks/scaffold-eth/useTransactor";ΓÅÄ`  
prettier/prettier
82:1  Warning: Delete `ΓÅÄ`  prettier/prettier
89:55  Warning: Delete `ΓÅÄ`  prettier/prettier
96:96  Warning: Delete `ΓÅÄ`  prettier/prettier
122:120  Warning: Insert 
`ΓÅÄ┬╖┬╖┬╖┬╖┬╖┬╖┬╖┬╖┬╖┬╖┬╖┬╖┬╖┬╖┬╖┬╖┬╖┬╖┬╖┬╖┬╖┬╖┬╖`  
prettier/prettier
142:111  Warning: Replace `Display┬╖Name` with `ΓÅÄ┬╖┬╖
┬╖┬╖┬╖┬╖┬╖┬╖┬╖┬╖┬╖┬╖┬╖┬╖┬╖┬╖┬╖┬╖┬╖┬╖┬╖┬╖Display┬╖NameΓÅ
Ä┬╖┬╖┬╖┬╖┬╖┬╖┬╖┬╖┬╖┬╖┬╖┬╖┬╖┬╖┬╖┬╖┬╖┬╖┬╖┬╖`  
prettier/prettier
153:113  Warning: Replace `Tip┬╖Amount┬╖(ETH)` with `ΓÅ
Ä┬╖┬╖┬╖┬╖┬╖┬╖┬╖┬╖┬╖┬╖┬╖┬╖┬╖┬╖┬╖┬╖┬╖┬╖┬╖┬╖┬╖┬╖Tip┬╖Amoun
t┬╖(ETH)ΓÅÄ┬╖┬╖┬╖┬╖┬╖┬╖┬╖┬╖┬╖┬╖┬╖┬╖┬╖┬╖┬╖┬╖┬╖┬╖┬╖┬╖`  
prettier/prettier
157:33  Warning: Replace `(e)` with `e`  
prettier/prettier
166:111  Warning: Replace `Bio` with `ΓÅÄ┬╖┬╖┬╖┬╖┬╖┬╖┬╖
┬╖┬╖┬╖┬╖┬╖┬╖┬╖┬╖┬╖┬╖┬╖┬╖┬╖BioΓÅÄ┬╖┬╖┬╖┬╖┬╖┬╖┬╖┬╖┬╖┬╖┬╖┬
╖┬╖┬╖┬╖┬╖┬╖┬╖`  prettier/prettier
169:31  Warning: Replace `(e)` with `e`  
prettier/prettier
185:21  Warning: Delete `ΓÅÄ`  prettier/prettier

./app/[name]/page.tsx
22:45  Warning: Replace `ΓÅÄ┬╖┬╖┬╖┬╖┬╖┬╖?┬╖nameParam.en
dsWith(".eth")ΓÅÄ┬╖┬╖┬╖┬╖┬╖┬╖┬╖┬╖?┬╖nameParamΓÅÄ┬╖┬╖┬╖┬
╖┬╖┬╖┬╖┬╖:┬╖`${nameParam}.eth`ΓÅÄ┬╖┬╖┬╖┬╖┬╖` with `┬╖?┬
╖(nameParam.endsWith(".eth")┬╖?┬╖nameParam┬╖:┬╖`${nameP
aram}.eth`)`  prettier/prettier
88:32  Warning: Replace `(e)` with `e`  
prettier/prettier

./components/ens-farcaster/CastCard.tsx
64:70  Warning: Replace `(e)` with `e`  
prettier/prettier
71:28  Warning: Replace `(e)` with `e`  
prettier/prettier
87:26  Warning: Replace `(e)` with `e`  
prettier/prettier
105:104  Warning: Replace `ΓÅÄ┬╖┬╖┬╖┬╖┬╖┬╖┬╖┬╖┬╖┬╖┬╖┬╖{
cast.text}ΓÅÄ┬╖┬╖┬╖┬╖┬╖┬╖┬╖┬╖┬╖┬╖` with `{cast.text}`  
prettier/prettier

./components/ens-farcaster/Compose.tsx
5:37  Warning: Replace 
`WriteContract,┬╖usePublicClien` with 
`PublicClient,┬╖useWriteContrac`  prettier/prettier
14:3  Warning: Delete `┬╖┬╖`  prettier/prettier
15:1  Warning: Delete `┬╖┬╖`  prettier/prettier
16:1  Warning: Replace `┬╖┬╖┬╖┬╖` with `┬╖┬╖`  
prettier/prettier
17:3  Warning: Delete `┬╖┬╖`  prettier/prettier
18:1  Warning: Replace `┬╖┬╖┬╖┬╖` with `┬╖┬╖`  
prettier/prettier
19:1  Warning: Delete `┬╖┬╖`  prettier/prettier
20:3  Warning: Delete `┬╖┬╖`  prettier/prettier
22:1  Warning: Replace `┬╖┬╖┬╖┬╖` with `┬╖┬╖`  
prettier/prettier
23:1  Warning: Delete `┬╖┬╖┬╖┬╖`  prettier/prettier
24:7  Warning: Delete `┬╖┬╖┬╖┬╖┬╖┬╖`  prettier/prettier
25:1  Warning: Replace `┬╖┬╖┬╖┬╖┬╖┬╖┬╖┬╖┬╖┬╖┬╖┬╖` with 
`┬╖┬╖┬╖┬╖┬╖┬╖`  prettier/prettier
26:1  Warning: Delete `┬╖┬╖┬╖┬╖`  prettier/prettier
28:5  Warning: Delete `┬╖┬╖┬╖┬╖`  prettier/prettier
29:1  Warning: Replace `┬╖┬╖┬╖┬╖┬╖┬╖┬╖┬╖` with 
`┬╖┬╖┬╖┬╖`  prettier/prettier
30:1  Warning: Delete `┬╖┬╖┬╖┬╖┬╖┬╖`  prettier/prettier
31:1  Warning: Replace `┬╖┬╖┬╖┬╖┬╖┬╖┬╖┬╖┬╖┬╖┬╖┬╖` with 
`┬╖┬╖┬╖┬╖┬╖┬╖`  prettier/prettier
33:7  Warning: Delete `┬╖┬╖┬╖┬╖┬╖┬╖`  prettier/prettier
34:7  Warning: Delete `┬╖┬╖┬╖┬╖┬╖┬╖`  prettier/prettier
35:1  Warning: Replace `┬╖┬╖┬╖┬╖┬╖┬╖┬╖┬╖┬╖┬╖┬╖┬╖┬╖┬╖┬╖┬
╖const┬╖latestCastsJson┬╖=┬╖` with 
`┬╖┬╖┬╖┬╖┬╖┬╖┬╖┬╖const┬╖latestCastsJson┬╖=┬╖(`  
prettier/prettier
36:1  Warning: Replace 
`┬╖┬╖┬╖┬╖┬╖┬╖┬╖┬╖┬╖┬╖┬╖┬╖┬╖┬╖┬╖┬╖┬╖┬╖┬╖┬╖` with 
`┬╖┬╖┬╖┬╖┬╖┬╖┬╖┬╖┬╖┬╖`  prettier/prettier
37:1  Warning: Replace 
`┬╖┬╖┬╖┬╖┬╖┬╖┬╖┬╖┬╖┬╖┬╖┬╖┬╖┬╖┬╖┬╖┬╖┬╖┬╖┬╖` with 
`┬╖┬╖┬╖┬╖┬╖┬╖┬╖┬╖┬╖┬╖`  prettier/prettier
38:1  Warning: Replace 
`┬╖┬╖┬╖┬╖┬╖┬╖┬╖┬╖┬╖┬╖┬╖┬╖┬╖┬╖┬╖┬╖┬╖┬╖┬╖┬╖` with 
`┬╖┬╖┬╖┬╖┬╖┬╖┬╖┬╖┬╖┬╖`  prettier/prettier
39:1  Warning: Replace 
`┬╖┬╖┬╖┬╖┬╖┬╖┬╖┬╖┬╖┬╖┬╖┬╖┬╖┬╖┬╖┬╖┬╖┬╖┬╖┬╖` with 
`┬╖┬╖┬╖┬╖┬╖┬╖┬╖┬╖┬╖┬╖`  prettier/prettier
40:9  Warning: Replace `┬╖┬╖┬╖┬╖┬╖┬╖┬╖┬╖}` with `})`  
prettier/prettier
41:9  Warning: Delete `┬╖┬╖┬╖┬╖┬╖┬╖┬╖┬╖`  
prettier/prettier
42:1  Warning: Replace `┬╖┬╖┬╖┬╖┬╖┬╖┬╖┬╖┬╖┬╖┬╖┬╖` with 
`┬╖┬╖┬╖┬╖┬╖┬╖`  prettier/prettier
43:1  Warning: Delete `┬╖┬╖┬╖┬╖┬╖┬╖┬╖┬╖`  
prettier/prettier
44:7  Warning: Delete `┬╖┬╖┬╖┬╖┬╖┬╖`  prettier/prettier
46:1  Warning: Replace `┬╖┬╖┬╖┬╖┬╖┬╖┬╖┬╖┬╖┬╖┬╖┬╖` with 
`┬╖┬╖┬╖┬╖┬╖┬╖`  prettier/prettier
47:1  Warning: Replace 
`┬╖┬╖┬╖┬╖┬╖┬╖┬╖┬╖┬╖┬╖┬╖┬╖┬╖┬╖┬╖┬╖` with 
`┬╖┬╖┬╖┬╖┬╖┬╖┬╖┬╖`  prettier/prettier
48:1  Warning: Replace 
`┬╖┬╖┬╖┬╖┬╖┬╖┬╖┬╖┬╖┬╖┬╖┬╖┬╖┬╖┬╖┬╖` with 
`┬╖┬╖┬╖┬╖┬╖┬╖┬╖┬╖`  prettier/prettier
49:1  Warning: Replace 
`┬╖┬╖┬╖┬╖┬╖┬╖┬╖┬╖┬╖┬╖┬╖┬╖┬╖┬╖┬╖┬╖` with 
`┬╖┬╖┬╖┬╖┬╖┬╖┬╖┬╖`  prettier/prettier
50:1  Warning: Replace 
`┬╖┬╖┬╖┬╖┬╖┬╖┬╖┬╖┬╖┬╖┬╖┬╖┬╖┬╖┬╖┬╖` with 
`┬╖┬╖┬╖┬╖┬╖┬╖┬╖┬╖`  prettier/prettier
51:1  Warning: Delete `┬╖┬╖┬╖┬╖┬╖┬╖┬╖┬╖`  
prettier/prettier
52:7  Warning: Delete `┬╖┬╖┬╖┬╖┬╖┬╖`  prettier/prettier
54:1  Warning: Delete `┬╖┬╖┬╖┬╖┬╖┬╖`  prettier/prettier
56:7  Warning: Delete `┬╖┬╖┬╖┬╖┬╖┬╖`  prettier/prettier
57:1  Warning: Replace 
`┬╖┬╖┬╖┬╖┬╖┬╖┬╖┬╖┬╖┬╖┬╖┬╖┬╖┬╖┬╖┬╖` with 
`┬╖┬╖┬╖┬╖┬╖┬╖┬╖┬╖`  prettier/prettier
58:1  Warning: Replace 
`┬╖┬╖┬╖┬╖┬╖┬╖┬╖┬╖┬╖┬╖┬╖┬╖┬╖┬╖┬╖┬╖┬╖┬╖┬╖┬╖` with 
`┬╖┬╖┬╖┬╖┬╖┬╖┬╖┬╖┬╖┬╖`  prettier/prettier
59:1  Warning: Replace 
`┬╖┬╖┬╖┬╖┬╖┬╖┬╖┬╖┬╖┬╖┬╖┬╖┬╖┬╖┬╖┬╖┬╖┬╖┬╖┬╖` with 
`┬╖┬╖┬╖┬╖┬╖┬╖┬╖┬╖┬╖┬╖`  prettier/prettier
60:1  Warning: Replace 
`┬╖┬╖┬╖┬╖┬╖┬╖┬╖┬╖┬╖┬╖┬╖┬╖┬╖┬╖┬╖┬╖┬╖┬╖┬╖┬╖` with 
`┬╖┬╖┬╖┬╖┬╖┬╖┬╖┬╖┬╖┬╖`  prettier/prettier
61:1  Warning: Replace 
`┬╖┬╖┬╖┬╖┬╖┬╖┬╖┬╖┬╖┬╖┬╖┬╖┬╖┬╖┬╖┬╖┬╖┬╖┬╖┬╖` with 
`┬╖┬╖┬╖┬╖┬╖┬╖┬╖┬╖┬╖┬╖`  prettier/prettier
62:9  Warning: Delete `┬╖┬╖┬╖┬╖┬╖┬╖┬╖┬╖`  
prettier/prettier
63:1  Warning: Replace `┬╖┬╖┬╖┬╖┬╖┬╖┬╖┬╖┬╖┬╖┬╖┬╖` with 
`┬╖┬╖┬╖┬╖┬╖┬╖`  prettier/prettier
65:1  Warning: Replace `┬╖┬╖┬╖┬╖┬╖┬╖┬╖┬╖┬╖┬╖┬╖┬╖` with 
`┬╖┬╖┬╖┬╖┬╖┬╖`  prettier/prettier
66:1  Warning: Delete `┬╖┬╖┬╖┬╖┬╖┬╖`  prettier/prettier
67:1  Warning: Replace `┬╖┬╖┬╖┬╖┬╖┬╖┬╖┬╖┬╖┬╖┬╖┬╖` with 
`┬╖┬╖┬╖┬╖┬╖┬╖`  prettier/prettier
68:1  Warning: Delete `ΓÅÄ┬╖┬╖┬╖┬╖`  prettier/prettier
70:1  Warning: Replace `┬╖┬╖┬╖┬╖┬╖┬╖┬╖┬╖┬╖┬╖┬╖┬╖` with 
`┬╖┬╖┬╖┬╖┬╖┬╖`  prettier/prettier
71:1  Warning: Delete `┬╖┬╖┬╖┬╖┬╖┬╖`  prettier/prettier
72:1  Warning: Replace `┬╖┬╖┬╖┬╖┬╖┬╖┬╖┬╖` with 
`┬╖┬╖┬╖┬╖`  prettier/prettier
73:1  Warning: Delete `┬╖┬╖┬╖┬╖┬╖┬╖`  prettier/prettier
74:1  Warning: Replace `┬╖┬╖┬╖┬╖┬╖┬╖┬╖┬╖` with 
`┬╖┬╖┬╖┬╖`  prettier/prettier
75:1  Warning: Delete `┬╖┬╖`  prettier/prettier
77:1  Warning: Delete `┬╖┬╖`  prettier/prettier
78:1  Warning: Delete `┬╖┬╖┬╖┬╖`  prettier/prettier
79:1  Warning: Delete `ΓÅÄ┬╖┬╖┬╖┬╖┬╖┬╖`  
prettier/prettier
81:1  Warning: Replace 
`┬╖┬╖┬╖┬╖┬╖┬╖┬╖┬╖┬╖┬╖┬╖┬╖┬╖┬╖┬╖┬╖` with 
`┬╖┬╖┬╖┬╖┬╖┬╖┬╖┬╖`  prettier/prettier
82:9  Warning: Delete `┬╖┬╖┬╖┬╖┬╖┬╖┬╖┬╖`  
prettier/prettier
83:9  Warning: Delete `┬╖┬╖┬╖┬╖┬╖┬╖┬╖┬╖`  
prettier/prettier
84:1  Warning: Replace 
`┬╖┬╖┬╖┬╖┬╖┬╖┬╖┬╖┬╖┬╖┬╖┬╖┬╖┬╖┬╖┬╖` with 
`┬╖┬╖┬╖┬╖┬╖┬╖┬╖┬╖`  prettier/prettier
85:9  Warning: Delete `┬╖┬╖┬╖┬╖┬╖┬╖┬╖┬╖`  
prettier/prettier
86:7  Warning: Delete `┬╖┬╖┬╖┬╖┬╖┬╖`  prettier/prettier
88:1  Warning: Replace `┬╖┬╖┬╖┬╖┬╖┬╖┬╖┬╖┬╖┬╖┬╖┬╖` with 
`┬╖┬╖┬╖┬╖┬╖┬╖`  prettier/prettier
89:9  Warning: Delete `┬╖┬╖┬╖┬╖┬╖┬╖┬╖┬╖`  
prettier/prettier
90:1  Warning: Replace 
`┬╖┬╖┬╖┬╖┬╖┬╖┬╖┬╖┬╖┬╖┬╖┬╖┬╖┬╖┬╖┬╖┬╖┬╖┬╖┬╖` with 
`┬╖┬╖┬╖┬╖┬╖┬╖┬╖┬╖┬╖┬╖`  prettier/prettier
91:1  Warning: Delete `┬╖┬╖┬╖┬╖┬╖┬╖┬╖┬╖┬╖┬╖┬╖┬╖`  
prettier/prettier
92:1  Warning: Replace `┬╖┬╖┬╖┬╖┬╖┬╖┬╖┬╖┬╖┬╖┬╖┬╖┬╖┬╖┬╖┬
╖┬╖┬╖┬╖┬╖┬╖┬╖┬╖┬╖┬╖┬╖┬╖┬╖` with 
`┬╖┬╖┬╖┬╖┬╖┬╖┬╖┬╖┬╖┬╖┬╖┬╖┬╖┬╖`  prettier/prettier
93:15  Warning: Delete `┬╖┬╖┬╖┬╖┬╖┬╖┬╖┬╖┬╖┬╖┬╖┬╖┬╖┬╖`  
prettier/prettier
94:1  Warning: Replace 
`┬╖┬╖┬╖┬╖┬╖┬╖┬╖┬╖┬╖┬╖┬╖┬╖┬╖┬╖┬╖┬╖┬╖┬╖┬╖┬╖┬╖┬╖┬╖┬╖` 
with `┬╖┬╖┬╖┬╖┬╖┬╖┬╖┬╖┬╖┬╖┬╖┬╖`  prettier/prettier
95:1  Warning: Delete `┬╖┬╖┬╖┬╖┬╖┬╖┬╖┬╖┬╖┬╖`  
prettier/prettier
96:9  Warning: Delete `┬╖┬╖┬╖┬╖┬╖┬╖┬╖┬╖`  
prettier/prettier
98:1  Warning: Delete `┬╖┬╖┬╖┬╖┬╖┬╖┬╖┬╖`  
prettier/prettier
99:1  Warning: Delete `┬╖┬╖┬╖┬╖┬╖┬╖┬╖┬╖┬╖┬╖`  
prettier/prettier
100:13  Warning: Delete `┬╖┬╖┬╖┬╖┬╖┬╖┬╖┬╖┬╖┬╖┬╖┬╖`  
prettier/prettier
101:1  Warning: Replace 
`┬╖┬╖┬╖┬╖┬╖┬╖┬╖┬╖┬╖┬╖┬╖┬╖┬╖┬╖┬╖┬╖┬╖┬╖┬╖┬╖` with 
`┬╖┬╖┬╖┬╖┬╖┬╖┬╖┬╖┬╖┬╖`  prettier/prettier
103:1  Warning: Replace 
`┬╖┬╖┬╖┬╖┬╖┬╖┬╖┬╖┬╖┬╖┬╖┬╖┬╖┬╖┬╖┬╖┬╖┬╖┬╖┬╖` with 
`┬╖┬╖┬╖┬╖┬╖┬╖┬╖┬╖┬╖┬╖`  prettier/prettier
104:1  Warning: Delete `┬╖┬╖┬╖┬╖┬╖┬╖┬╖┬╖┬╖┬╖┬╖┬╖`  
prettier/prettier
105:13  Warning: Delete `┬╖┬╖┬╖┬╖┬╖┬╖┬╖┬╖┬╖┬╖┬╖┬╖`  
prettier/prettier
106:1  Warning: Replace 
`┬╖┬╖┬╖┬╖┬╖┬╖┬╖┬╖┬╖┬╖┬╖┬╖┬╖┬╖┬╖┬╖┬╖┬╖┬╖┬╖┬╖┬╖┬╖┬╖` 
with `┬╖┬╖┬╖┬╖┬╖┬╖┬╖┬╖┬╖┬╖┬╖┬╖`  prettier/prettier
107:11  Warning: Delete `┬╖┬╖┬╖┬╖┬╖┬╖┬╖┬╖┬╖┬╖`  
prettier/prettier
108:1  Warning: Delete `┬╖┬╖┬╖┬╖┬╖┬╖┬╖┬╖┬╖┬╖┬╖┬╖`  
prettier/prettier
109:1  Warning: Delete `┬╖┬╖┬╖┬╖┬╖┬╖┬╖┬╖┬╖┬╖┬╖┬╖`  
prettier/prettier
110:13  Warning: Delete `┬╖┬╖┬╖┬╖┬╖┬╖┬╖┬╖┬╖┬╖┬╖┬╖`  
prettier/prettier
111:11  Warning: Delete `┬╖┬╖┬╖┬╖┬╖┬╖┬╖┬╖┬╖┬╖`  
prettier/prettier
112:1  Warning: Replace 
`┬╖┬╖┬╖┬╖┬╖┬╖┬╖┬╖┬╖┬╖┬╖┬╖┬╖┬╖┬╖┬╖` with 
`┬╖┬╖┬╖┬╖┬╖┬╖┬╖┬╖`  prettier/prettier
113:1  Warning: Replace `┬╖┬╖┬╖┬╖┬╖┬╖┬╖┬╖┬╖┬╖┬╖┬╖` 
with `┬╖┬╖┬╖┬╖┬╖┬╖`  prettier/prettier
114:1  Warning: Replace `┬╖┬╖┬╖┬╖┬╖┬╖┬╖┬╖` with 
`┬╖┬╖┬╖┬╖`  prettier/prettier
115:1  Warning: Delete `┬╖┬╖`  prettier/prettier

./components/ens-farcaster/Feed.tsx
3:13  Warning: Replace 
`Effect,┬╖useState,┬╖useCallback` with 
`Callback,┬╖useEffect,┬╖useState`  prettier/prettier
5:10  Warning: Replace `useAccount,┬╖useEnsName,┬╖usePu
blicClient┬╖}┬╖from┬╖"wagmi` with 
`namehash,┬╖parseAbiItem┬╖}┬╖from┬╖"viem`  
prettier/prettier
6:10  Warning: Replace 
`namehash,┬╖parseAbiItem┬╖}┬╖from┬╖"viem` with `useAcco
unt,┬╖useEnsName,┬╖usePublicClient┬╖}┬╖from┬╖"wagmi`  
prettier/prettier
20:33  Warning: Insert `ΓÉìΓÅÄ┬╖┬╖┬╖┬╖`  
prettier/prettier
21:1  Warning: Replace `┬╖┬╖┬╖┬╖` with `┬╖┬╖┬╖┬╖┬╖┬╖`  
prettier/prettier
22:1  Warning: Insert `┬╖┬╖`  prettier/prettier
23:1  Warning: Replace `┬╖┬╖┬╖┬╖` with `┬╖┬╖┬╖┬╖┬╖┬╖`  
prettier/prettier
25:1  Warning: Insert `┬╖┬╖`  prettier/prettier
27:5  Warning: Insert `┬╖┬╖`  prettier/prettier
28:1  Warning: Insert `┬╖┬╖`  prettier/prettier
30:7  Warning: Insert `┬╖┬╖`  prettier/prettier
31:1  Warning: Replace `┬╖┬╖┬╖┬╖┬╖┬╖` with 
`┬╖┬╖┬╖┬╖┬╖┬╖┬╖┬╖`  prettier/prettier
32:9  Warning: Insert `┬╖┬╖`  prettier/prettier
33:1  Warning: Insert `┬╖┬╖`  prettier/prettier
34:1  Warning: Replace 
`┬╖┬╖┬╖┬╖┬╖┬╖┬╖┬╖┬╖┬╖const┬╖castsJson┬╖=┬╖` with 
`┬╖┬╖┬╖┬╖┬╖┬╖┬╖┬╖┬╖┬╖┬╖┬╖const┬╖castsJson┬╖=┬╖(`  
prettier/prettier
35:1  Warning: Insert `┬╖┬╖`  prettier/prettier
36:13  Warning: Insert `┬╖┬╖`  prettier/prettier
37:1  Warning: Replace `┬╖┬╖┬╖┬╖┬╖┬╖┬╖┬╖┬╖┬╖┬╖┬╖` with 
`┬╖┬╖┬╖┬╖┬╖┬╖┬╖┬╖┬╖┬╖┬╖┬╖┬╖┬╖`  prettier/prettier
38:1  Warning: Insert `┬╖┬╖`  prettier/prettier
39:11  Warning: Replace `}` with `┬╖┬╖})`  
prettier/prettier
41:11  Warning: Insert `┬╖┬╖`  prettier/prettier
42:1  Warning: Insert `┬╖┬╖`  prettier/prettier
43:13  Warning: Insert `┬╖┬╖`  prettier/prettier
44:1  Warning: Replace `┬╖┬╖┬╖┬╖┬╖┬╖┬╖┬╖┬╖┬╖` with 
`┬╖┬╖┬╖┬╖┬╖┬╖┬╖┬╖┬╖┬╖┬╖┬╖`  prettier/prettier
45:1  Warning: Insert `┬╖┬╖`  prettier/prettier
46:1  Warning: Insert `┬╖┬╖`  prettier/prettier
47:1  Warning: Replace `┬╖┬╖┬╖┬╖┬╖┬╖┬╖┬╖` with 
`┬╖┬╖┬╖┬╖┬╖┬╖┬╖┬╖┬╖┬╖`  prettier/prettier
48:1  Warning: Insert `┬╖┬╖`  prettier/prettier
50:1  Warning: Insert `┬╖┬╖`  prettier/prettier
51:1  Warning: Insert `┬╖┬╖`  prettier/prettier
52:9  Warning: Insert `┬╖┬╖`  prettier/prettier
53:1  Warning: Insert `┬╖┬╖`  prettier/prettier
55:1  Warning: Insert `┬╖┬╖`  prettier/prettier
56:11  Warning: Insert `┬╖┬╖`  prettier/prettier
57:11  Warning: Replace `event:┬╖parseAbiItem("event┬╖T
extChanged(bytes32┬╖indexed┬╖node,┬╖string┬╖indexed┬╖in
dexedKey,┬╖string┬╖key,┬╖string┬╖value)"` with `┬╖┬╖eve
nt:┬╖parseAbiItem(ΓÉìΓÅÄ┬╖┬╖┬╖┬╖┬╖┬╖┬╖┬╖┬╖┬╖┬╖┬╖┬╖┬╖"ev
ent┬╖TextChanged(bytes32┬╖indexed┬╖node,┬╖string┬╖index
ed┬╖indexedKey,┬╖string┬╖key,┬╖string┬╖value)",ΓÉìΓÅÄ┬╖
┬╖┬╖┬╖┬╖┬╖┬╖┬╖┬╖┬╖┬╖┬╖`  prettier/prettier
58:1  Warning: Insert `┬╖┬╖`  prettier/prettier
59:9  Warning: Insert `┬╖┬╖`  prettier/prettier
61:1  Warning: Insert `┬╖┬╖`  prettier/prettier
62:11  Warning: Insert `┬╖┬╖`  prettier/prettier
63:1  Warning: Insert `┬╖┬╖`  prettier/prettier
64:11  Warning: Insert `┬╖┬╖`  prettier/prettier
66:1  Warning: Replace `┬╖┬╖┬╖┬╖┬╖┬╖┬╖┬╖` with 
`┬╖┬╖┬╖┬╖┬╖┬╖┬╖┬╖┬╖┬╖`  prettier/prettier
68:9  Warning: Insert `┬╖┬╖`  prettier/prettier
69:1  Warning: Replace `┬╖┬╖┬╖┬╖┬╖┬╖┬╖┬╖┬╖┬╖` with 
`┬╖┬╖┬╖┬╖┬╖┬╖┬╖┬╖┬╖┬╖┬╖┬╖`  prettier/prettier
70:1  Warning: Replace 
`┬╖┬╖┬╖┬╖┬╖┬╖┬╖┬╖┬╖┬╖┬╖┬╖const┬╖castsJson┬╖=┬╖` with 
`┬╖┬╖┬╖┬╖┬╖┬╖┬╖┬╖┬╖┬╖┬╖┬╖┬╖┬╖const┬╖castsJson┬╖=┬╖(`  
prettier/prettier
71:15  Warning: Insert `┬╖┬╖`  prettier/prettier
72:1  Warning: Replace `┬╖┬╖┬╖┬╖┬╖┬╖┬╖┬╖┬╖┬╖┬╖┬╖┬╖┬╖` 
with `┬╖┬╖┬╖┬╖┬╖┬╖┬╖┬╖┬╖┬╖┬╖┬╖┬╖┬╖┬╖┬╖`  
prettier/prettier
73:1  Warning: Insert `┬╖┬╖`  prettier/prettier
74:15  Warning: Insert `┬╖┬╖`  prettier/prettier
75:13  Warning: Replace `}` with `┬╖┬╖})`  
prettier/prettier
77:1  Warning: Insert `┬╖┬╖`  prettier/prettier
78:15  Warning: Insert `┬╖┬╖`  prettier/prettier
79:1  Warning: Insert `┬╖┬╖`  prettier/prettier
80:13  Warning: Insert `┬╖┬╖`  prettier/prettier
81:1  Warning: Replace `┬╖┬╖┬╖┬╖┬╖┬╖┬╖┬╖┬╖┬╖` with 
`┬╖┬╖┬╖┬╖┬╖┬╖┬╖┬╖┬╖┬╖┬╖┬╖`  prettier/prettier
82:1  Warning: Insert `┬╖┬╖`  prettier/prettier
83:11  Warning: Insert `┬╖┬╖`  prettier/prettier
84:1  Warning: Insert `┬╖┬╖`  prettier/prettier
85:7  Warning: Insert `┬╖┬╖`  prettier/prettier
86:1  Warning: Insert `┬╖┬╖`  prettier/prettier
87:7  Warning: Insert `┬╖┬╖`  prettier/prettier
89:1  Warning: Insert `┬╖┬╖`  prettier/prettier
90:7  Warning: Replace `const┬╖uniqueCasts┬╖=┬╖allCasts
.filter((cast,┬╖index,┬╖self)┬╖=>ΓÉìΓÅÄ┬╖┬╖┬╖┬╖┬╖┬╖┬╖┬╖
index┬╖===┬╖self.findIndex(c┬╖=>┬╖c.id┬╖===┬╖cast.id)ΓÉ
ìΓÅÄ┬╖┬╖┬╖┬╖┬╖┬╖` with `┬╖┬╖const┬╖uniqueCasts┬╖=┬╖allC
asts.filter((cast,┬╖index,┬╖self)┬╖=>┬╖index┬╖===┬╖self
.findIndex(c┬╖=>┬╖c.id┬╖===┬╖cast.id)`  
prettier/prettier
93:1  Warning: Insert `┬╖┬╖`  prettier/prettier
95:7  Warning: Insert `┬╖┬╖`  prettier/prettier
96:1  Warning: Replace `ΓÉìΓÅÄ` with `┬╖┬╖`  
prettier/prettier
98:1  Warning: Replace `┬╖┬╖┬╖┬╖┬╖┬╖` with 
`┬╖┬╖┬╖┬╖┬╖┬╖┬╖┬╖`  prettier/prettier
99:5  Warning: Insert `┬╖┬╖`  prettier/prettier
100:1  Warning: Insert `┬╖┬╖`  prettier/prettier
101:1  Warning: Insert `┬╖┬╖`  prettier/prettier
102:5  Warning: Insert `┬╖┬╖`  prettier/prettier
103:1  Warning: Replace 
`┬╖┬╖},┬╖[publicClient,┬╖ensName]` with `┬╖┬╖┬╖┬╖},ΓÉìΓ
ÅÄ┬╖┬╖┬╖┬╖[publicClient,┬╖ensName],ΓÉìΓÅÄ┬╖┬╖`  
prettier/prettier
147:61  Warning: Replace `Be┬╖the┬╖first┬╖to┬╖cast┬╖you
r┬╖thoughts┬╖to┬╖the┬╖eternal┬╖ledger.` with `ΓÉìΓÅÄ┬╖┬
╖┬╖┬╖┬╖┬╖┬╖┬╖┬╖┬╖┬╖┬╖┬╖┬╖Be┬╖the┬╖first┬╖to┬╖cast┬╖your
┬╖thoughts┬╖to┬╖the┬╖eternal┬╖ledger.ΓÉìΓÅÄ┬╖┬╖┬╖┬╖┬╖┬╖
┬╖┬╖┬╖┬╖┬╖┬╖`  prettier/prettier
148:25  Warning: Replace `┬╖(ΓÉìΓÅÄ┬╖┬╖┬╖┬╖┬╖┬╖┬╖┬╖┬╖┬╖
┬╖┬╖┬╖┬╖<div┬╖className="badge┬╖badge-warning┬╖p-4┬╖gap
-2">ΓÉìΓÅÄ┬╖┬╖┬╖┬╖┬╖┬╖┬╖┬╖┬╖┬╖┬╖┬╖┬╖┬╖┬╖┬╖ΓÜá∩╕Å┬╖Conne
ct┬╖ENS┬╖Wallet┬╖to┬╖PostΓÉìΓÅÄ┬╖┬╖┬╖┬╖┬╖┬╖┬╖┬╖┬╖┬╖┬╖┬╖
┬╖┬╖</div>ΓÉìΓÅÄ┬╖┬╖┬╖┬╖┬╖┬╖┬╖┬╖┬╖┬╖┬╖┬╖)` with `┬╖<div
┬╖className="badge┬╖badge-warning┬╖p-4┬╖gap-2">ΓÜá∩╕Å┬╖
Connect┬╖ENS┬╖Wallet┬╖to┬╖Post</div>`  
prettier/prettier

./components/ens-farcaster/FollowButton.tsx
3:13  Warning: Replace `State,┬╖useEffect` with 
`Effect,┬╖useState`  prettier/prettier
5:37  Warning: Replace 
`WriteContract,┬╖usePublicClien` with 
`PublicClient,┬╖useWriteContrac`  prettier/prettier
29:31  Warning: Insert `(`  prettier/prettier
34:10  Warning: Insert `)`  prettier/prettier
86:97  Warning: Insert `ΓÅÄ┬╖┬╖┬╖┬╖┬╖┬╖┬╖┬╖`  
prettier/prettier
87:1  Warning: Delete `┬╖┬╖`  prettier/prettier

./components/ens-farcaster/LandingPage.tsx
3:8  Error: 'Image' is defined but never used.  
@typescript-eslint/no-unused-vars
18:1  Warning: Delete `ΓÅÄ`  prettier/prettier
20:62  Warning: Delete `ΓÅÄ`  prettier/prettier
32:73  Warning: Replace `ΓÅÄ┬╖┬╖┬╖┬╖┬╖┬╖┬╖┬╖┬╖┬╖┬╖┬╖Sto
red┬╖eternally┬╖in┬╖text┬╖records,┬╖accessible┬╖to` 
with `┬╖Stored┬╖eternally┬╖in┬╖text┬╖records,┬╖accessib
le┬╖toΓÅÄ┬╖┬╖┬╖┬╖┬╖┬╖┬╖┬╖┬╖┬╖┬╖`  prettier/prettier
111:19  Warning: Replace `┬╖key={i}┬╖className="bg-base
-200/50┬╖p-8┬╖rounded-[2rem]┬╖border┬╖border-white/5┬╖h
over:border-primary/20┬╖transition-all┬╖hover:-translat
e-y-1┬╖group"` with `ΓÅÄ┬╖┬╖┬╖┬╖┬╖┬╖┬╖┬╖┬╖┬╖┬╖┬╖┬╖┬╖┬╖┬
╖key={i}ΓÅÄ┬╖┬╖┬╖┬╖┬╖┬╖┬╖┬╖┬╖┬╖┬╖┬╖┬╖┬╖┬╖┬╖className="b
g-base-200/50┬╖p-8┬╖rounded-[2rem]┬╖border┬╖border-whit
e/5┬╖hover:border-primary/20┬╖transition-all┬╖hover:-tr
anslate-y-1┬╖group"ΓÅÄ┬╖┬╖┬╖┬╖┬╖┬╖┬╖┬╖┬╖┬╖┬╖┬╖┬╖┬╖`  
prettier/prettier
112:21  Warning: Replace `┬╖className={`w-14┬╖h-14┬╖fle
x┬╖items-center┬╖justify-center┬╖rounded-2xl┬╖${f.color
}┬╖text-2xl┬╖mb-6┬╖shadow-inner`}` with `ΓÅÄ┬╖┬╖┬╖┬╖┬╖┬
╖┬╖┬╖┬╖┬╖┬╖┬╖┬╖┬╖┬╖┬╖┬╖┬╖className={`w-14┬╖h-14┬╖flex┬╖
items-center┬╖justify-center┬╖rounded-2xl┬╖${f.color}┬╖
text-2xl┬╖mb-6┬╖shadow-inner`}ΓÅÄ┬╖┬╖┬╖┬╖┬╖┬╖┬╖┬╖┬╖┬╖┬╖
┬╖┬╖┬╖┬╖┬╖`  prettier/prettier

./components/ens-farcaster/Sidebar.tsx
76:121  Warning: Replace `{link.label}` with `ΓÅÄ┬╖┬╖┬╖
┬╖┬╖┬╖┬╖┬╖┬╖┬╖┬╖┬╖┬╖┬╖{link.label}ΓÅÄ┬╖┬╖┬╖┬╖┬╖┬╖┬╖┬╖┬╖
┬╖┬╖┬╖`  prettier/prettier

./components/Header.tsx
7:10  Warning: Replace 
`useAccount,┬╖useEnsName┬╖}┬╖from┬╖"wagmi` with 
`hardhat┬╖}┬╖from┬╖"viem/chains`  prettier/prettier
8:10  Warning: Replace 
`hardhat┬╖}┬╖from┬╖"viem/chains` with 
`useAccount,┬╖useEnsName┬╖}┬╖from┬╖"wagmi`  
prettier/prettier
48:29  Warning: Insert 
`ΓÉìΓÅÄ┬╖┬╖┬╖┬╖┬╖┬╖┬╖┬╖┬╖┬╖┬╖┬╖┬╖┬╖┬╖┬╖`  
prettier/prettier
49:1  Warning: Delete `┬╖┬╖`  prettier/prettier
90:17  Warning: Replace `ΓÉìΓÅÄ┬╖┬╖┬╖┬╖┬╖┬╖┬╖┬╖┬╖┬╖┬╖┬╖
src="/logo.png"ΓÉìΓÅÄ┬╖┬╖┬╖┬╖┬╖┬╖┬╖┬╖┬╖┬╖┬╖┬╖alt="Socia
lENS┬╖Logo"ΓÉìΓÅÄ┬╖┬╖┬╖┬╖┬╖┬╖┬╖┬╖┬╖┬╖┬╖┬╖width={40}ΓÉìΓ
ÅÄ┬╖┬╖┬╖┬╖┬╖┬╖┬╖┬╖┬╖┬╖┬╖┬╖height={40}ΓÉìΓÅÄ┬╖┬╖┬╖┬╖┬╖┬╖
┬╖┬╖┬╖┬╖┬╖┬╖className="rounded-xl┬╖shadow-lg"ΓÉìΓÅÄ┬╖┬╖
┬╖┬╖┬╖┬╖┬╖┬╖┬╖` with `┬╖src="/logo.png"┬╖alt="SocialENS
┬╖Logo"┬╖width={40}┬╖height={40}┬╖className="rounded-xl
┬╖shadow-lg"`  prettier/prettier

info  - Need to disable some ESLint rules? Learn more 
here: https://nextjs.org/docs/app/api-reference/config/
eslint#disabling-rules
